// Jest Snapshot v1, https://goo.gl/fbAQLP

exports[`matches snapshot 1`] = `
<DocumentFragment>
  <li
    class="Todo"
  >
    <span
      class="Todo-delete"
    >
      X
    </span>
  </li>
</DocumentFragment>
`;
